PC_FORCE_SDPA_FALLBACK=1 but wan.modules.attention has no _sdpa_fallback; cannot patch flash_attention
The safetensors archive passed at /home/nvme03/workspace/lingbot-world/lingbot-world-base-cam/lingbot_world_fast/model-00001-of-00016.safetensors does not contain metadata. Make sure to save your model with the `save_pretrained` method. Defaulting to 'pt' metadata.
The safetensors archive passed at /home/nvme03/workspace/lingbot-world/lingbot-world-base-cam/lingbot_world_fast/model-00002-of-00016.safetensors does not contain metadata. Make sure to save your model with the `save_pretrained` method. Defaulting to 'pt' metadata.
The safetensors archive passed at /home/nvme03/workspace/lingbot-world/lingbot-world-base-cam/lingbot_world_fast/model-00003-of-00016.safetensors does not contain metadata. Make sure to save your model with the `save_pretrained` method. Defaulting to 'pt' metadata.
The safetensors archive passed at /home/nvme03/workspace/lingbot-world/lingbot-world-base-cam/lingbot_world_fast/model-00004-of-00016.safetensors does not contain metadata. Make sure to save your model with the `save_pretrained` method. Defaulting to 'pt' metadata.
The safetensors archive passed at /home/nvme03/workspace/lingbot-world/lingbot-world-base-cam/lingbot_world_fast/model-00005-of-00016.safetensors does not contain metadata. Make sure to save your model with the `save_pretrained` method. Defaulting to 'pt' metadata.
The safetensors archive passed at /home/nvme03/workspace/lingbot-world/lingbot-world-base-cam/lingbot_world_fast/model-00006-of-00016.safetensors does not contain metadata. Make sure to save your model with the `save_pretrained` method. Defaulting to 'pt' metadata.
The safetensors archive passed at /home/nvme03/workspace/lingbot-world/lingbot-world-base-cam/lingbot_world_fast/model-00007-of-00016.safetensors does not contain metadata. Make sure to save your model with the `save_pretrained` method. Defaulting to 'pt' metadata.
The safetensors archive passed at /home/nvme03/workspace/lingbot-world/lingbot-world-base-cam/lingbot_world_fast/model-00008-of-00016.safetensors does not contain metadata. Make sure to save your model with the `save_pretrained` method. Defaulting to 'pt' metadata.
The safetensors archive passed at /home/nvme03/workspace/lingbot-world/lingbot-world-base-cam/lingbot_world_fast/model-00009-of-00016.safetensors does not contain metadata. Make sure to save your model with the `save_pretrained` method. Defaulting to 'pt' metadata.
The safetensors archive passed at /home/nvme03/workspace/lingbot-world/lingbot-world-base-cam/lingbot_world_fast/model-00010-of-00016.safetensors does not contain metadata. Make sure to save your model with the `save_pretrained` method. Defaulting to 'pt' metadata.
The safetensors archive passed at /home/nvme03/workspace/lingbot-world/lingbot-world-base-cam/lingbot_world_fast/model-00011-of-00016.safetensors does not contain metadata. Make sure to save your model with the `save_pretrained` method. Defaulting to 'pt' metadata.
The safetensors archive passed at /home/nvme03/workspace/lingbot-world/lingbot-world-base-cam/lingbot_world_fast/model-00012-of-00016.safetensors does not contain metadata. Make sure to save your model with the `save_pretrained` method. Defaulting to 'pt' metadata.
The safetensors archive passed at /home/nvme03/workspace/lingbot-world/lingbot-world-base-cam/lingbot_world_fast/model-00013-of-00016.safetensors does not contain metadata. Make sure to save your model with the `save_pretrained` method. Defaulting to 'pt' metadata.
The safetensors archive passed at /home/nvme03/workspace/lingbot-world/lingbot-world-base-cam/lingbot_world_fast/model-00014-of-00016.safetensors does not contain metadata. Make sure to save your model with the `save_pretrained` method. Defaulting to 'pt' metadata.
The safetensors archive passed at /home/nvme03/workspace/lingbot-world/lingbot-world-base-cam/lingbot_world_fast/model-00015-of-00016.safetensors does not contain metadata. Make sure to save your model with the `save_pretrained` method. Defaulting to 'pt' metadata.
The safetensors archive passed at /home/nvme03/workspace/lingbot-world/lingbot-world-base-cam/lingbot_world_fast/model-00016-of-00016.safetensors does not contain metadata. Make sure to save your model with the `save_pretrained` method. Defaulting to 'pt' metadata.
PC_FORCE_SDPA_FALLBACK=1 but wan.modules.attention has no _sdpa_fallback; cannot patch flash_attention
/home/nvme03/workspace/lingbot-world/wan/modules/vae2_1.py:649: FutureWarning: `torch.cuda.amp.autocast(args...)` is deprecated. Please use `torch.amp.autocast('cuda', args...)` instead.
  with amp.autocast(dtype=self.dtype):
{
  "cache_index": "local_assets/dpo_objective_cache_v8j/gt_c_10_window49/cache_index.jsonl",
  "cache_level": "with_ref_energy",
  "cache_root": "local_assets/dpo_objective_cache_v8j/gt_c_10_window49",
  "fail": 0,
  "progress": "reports/dpo_objective_diagnosis_v8j/cache_build_10pair_progress.jsonl",
  "report": "reports/dpo_objective_diagnosis_v8j/cache_build_10pair_with_ref.csv",
  "requested_pairs": 10,
  "reviewed_pairs_loaded": 10,
  "status": "CACHE_BUILD_PASS",
  "success": 10
}
