Listing 'cam_physgeo'...
Listing 'cam_physgeo/data'...
Listing 'cam_physgeo/debug'...
Listing 'cam_physgeo/dpo'...
Listing 'cam_physgeo/eval'...
Listing 'cam_physgeo/rewards'...
Listing 'cam_physgeo/training'...
Listing 'cam_physgeo/trd'...
Listing 'cam_physgeo/utils'...
Listing 'src'...
Listing 'src/physical_consistency'...
Listing 'src/physical_consistency/cli'...
Listing 'src/physical_consistency/common'...
Listing 'src/physical_consistency/eval'...
Listing 'src/physical_consistency/lineage'...
Listing 'src/physical_consistency/losses'...
Listing 'src/physical_consistency/stages'...
Listing 'src/physical_consistency/stages/stage1_physinone_cam'...
Listing 'src/physical_consistency/teachers'...
Listing 'src/physical_consistency/trainers'...
Listing 'src/physical_consistency/wandb_utils'...
Listing 'tests'...
